{"logTime": "0815/155310", "correlationVector":"nnh6eGIYWlAQDILx2jC/G4.1","action":"SyncServerConnectionManagerRequest", "result":"SYNC_SERVER_OK", "context":{"environment":"Prod_germanywestcentral_prod-s01-010-eur-germanywestcentral", "migrationStage":"NotStarted", "server":"akswtt00400000g"}}
{"logTime": "0815/155310", "correlationVector":"nnh6eGIYWlAQDILx2jC/G4.2","action":"ProcessGetUpdates", "result":"Done", "context":{"dataType":"Encryption Keys", "deleted":"0", "process_failed_to_decrypt":"0", "process_pending_decryption":"0", "process_success":"1", "total":"1"}}
{"logTime": "0815/155310", "correlationVector":"tuiOKVY+OFhbUjO1N8mW6A","action":"SyncServerConnectionManagerRequest", "result":"SYNC_SERVER_OK", "context":{"environment":"", "migrationStage":"", "server":""}}
{"logTime": "0815/155310", "correlationVector":"tuiOKVY+OFhbUjO1N8mW6A.0","action":"EncryptionKeysFetcher.DownloadKeys:", "result":"Success", "context":Key count: 2, Last key timestamp: 2026-03-03T05:43:35Z}
{"logTime": "0815/155310", "correlationVector":"tuiOKVY+OFhbUjO1N8mW6A.1","action":"EncryptionKeysManager::SetEncryptionKeys:", "result":"Success", "context":Key names[2]:[gs4QH+S1WROj2kjQrAZGSI0ckjIEL4xtfY+kEm8f+IBtpTVfMxvtCeSaYDnuav05M3ZVw22VzEO8zIrjyQIHAQ==][7NS+zBY21JnsAfgJMSRQxfPzO7KbrYKNdKgwS336kZ9TAFiAVdwWyyNtaL0uof0Yih0ZgXipzUTyCcPSuPfo9A==]}
{"logTime": "0815/155310", "correlationVector":"tuiOKVY+OFhbUjO1N8mW6A.2","action":"EncryptionKeysManager::SetEncryptionKeysWithTimestamps:", "result":"Success", "context":Key timestamps[2]:[2025-09-03T19:16:18Z][2026-03-03T05:43:35Z]}
{"logTime": "0815/155310", "correlationVector":"nnh6eGIYWlAQDILx2jC/G4","action":"Initial GetUpdates", "result":"", "context":Reason: NEW_CLIENT. cV=nnh6eGIYWlAQDILx2jC/G4}
{"logTime": "0815/155310", "correlationVector":"nnh6eGIYWlAQDILx2jC/G4.3","action":"GetUpdates Response", "result":"Success", "context":Received 1 update(s). cV=nnh6eGIYWlAQDILx2jC/G4.0;server=akswtt00400000g;cloudType=Consumer;environment=Prod_germanywestcentral_prod-s01-010-eur-germanywestcentral;migrationStage=NotStarted}
{"logTime": "0815/155310", "correlationVector":"3LgNZiiPf8BDnaVrkbiChD","action":"Initial GetUpdates", "result":"", "context":Reason: NEWLY_SUPPORTED_DATATYPE. cV=3LgNZiiPf8BDnaVrkbiChD}
{"logTime": "0815/155311", "correlationVector":"3LgNZiiPf8BDnaVrkbiChD.1","action":"SyncServerConnectionManagerRequest", "result":"SYNC_SERVER_OK", "context":{"environment":"Prod_germanywestcentral_prod-s01-010-eur-germanywestcentral", "migrationStage":"NotStarted", "server":"akswtt00400000b"}}
{"logTime": "0815/155311", "correlationVector":"3LgNZiiPf8BDnaVrkbiChD.2","action":"ProcessGetUpdates", "result":"Done", "context":{"dataType":"Passwords", "deleted":"0", "process_failed_to_decrypt":"0", "process_pending_decryption":"0", "process_success":"40", "total":"40"}}
{"logTime": "0815/155311", "correlationVector":"3LgNZiiPf8BDnaVrkbiChD.3","action":"ProcessGetUpdates", "result":"Done", "context":{"dataType":"Device Info", "deleted":"0", "process_failed_to_decrypt":"0", "process_pending_decryption":"0", "process_success":"6", "total":"6"}}
{"logTime": "0815/155311", "correlationVector":"3LgNZiiPf8BDnaVrkbiChD.4","action":"GetUpdates Response", "result":"Success", "context":Received 46 update(s). cV=3LgNZiiPf8BDnaVrkbiChD.0;server=akswtt00400000b;cloudType=Consumer;environment=Prod_germanywestcentral_prod-s01-010-eur-germanywestcentral;migrationStage=NotStarted}
{"logTime": "0815/155311", "correlationVector":"y7+Ntbk07v7+Wj0UWtCAR0","action":"Initial GetUpdates", "result":"", "context":Reason: NEWLY_SUPPORTED_DATATYPE. cV=y7+Ntbk07v7+Wj0UWtCAR0}
{"logTime": "0815/155349", "correlationVector":"gY04qDn2NopT2pbcS5sZZk","action":"Initial GetUpdates", "result":"", "context":Reason: NEWLY_SUPPORTED_DATATYPE. cV=gY04qDn2NopT2pbcS5sZZk}
{"logTime": "0815/155349", "correlationVector":"gY04qDn2NopT2pbcS5sZZk.1","action":"SyncServerConnectionManagerRequest", "result":"SYNC_SERVER_OK", "context":{"environment":"Prod_germanywestcentral_prod-s01-010-eur-germanywestcentral", "migrationStage":"NotStarted", "server":"akswtt00400000g"}}
{"logTime": "0815/155349", "correlationVector":"gY04qDn2NopT2pbcS5sZZk.2","action":"ProcessGetUpdates", "result":"Done", "context":{"dataType":"Bookmarks", "deleted":"3", "process_failed_to_decrypt":"0", "process_pending_decryption":"0", "process_success":"9", "total":"9"}}
{"logTime": "0815/155349", "correlationVector":"gY04qDn2NopT2pbcS5sZZk.3","action":"ProcessGetUpdates", "result":"Done", "context":{"dataType":"Preferences", "deleted":"0", "process_failed_to_decrypt":"0", "process_pending_decryption":"0", "process_success":"49", "total":"49"}}
{"logTime": "0815/155349", "correlationVector":"gY04qDn2NopT2pbcS5sZZk.4","action":"ProcessGetUpdates", "result":"Done", "context":{"dataType":"Autofill Profiles", "deleted":"0", "process_failed_to_decrypt":"0", "process_pending_decryption":"0", "process_success":"1", "total":"1"}}
{"logTime": "0815/155349", "correlationVector":"gY04qDn2NopT2pbcS5sZZk.5","action":"ProcessGetUpdates", "result":"Done", "context":{"dataType":"Autofill", "deleted":"0", "process_failed_to_decrypt":"0", "process_pending_decryption":"0", "process_success":"178", "total":"178"}}
{"logTime": "0815/155349", "correlationVector":"gY04qDn2NopT2pbcS5sZZk.6","action":"ProcessGetUpdates", "result":"Done", "context":{"dataType":"Saved Tab Group", "deleted":"9", "process_failed_to_decrypt":"0", "process_pending_decryption":"0", "process_success":"12", "total":"12"}}
{"logTime": "0815/155349", "correlationVector":"gY04qDn2NopT2pbcS5sZZk.7","action":"ProcessGetUpdates", "result":"Done", "context":{"dataType":"WebAuthn Credentials", "deleted":"0", "process_failed_to_decrypt":"0", "process_pending_decryption":"0", "process_success":"1", "total":"1"}}
{"logTime": "0815/155349", "correlationVector":"gY04qDn2NopT2pbcS5sZZk.8","action":"GetUpdates Response", "result":"Success", "context":Received 250 update(s). cV=gY04qDn2NopT2pbcS5sZZk.0;server=akswtt00400000g;cloudType=Consumer;environment=Prod_germanywestcentral_prod-s01-010-eur-germanywestcentral;migrationStage=NotStarted Some updates remain.}
{"logTime": "0815/155349", "correlationVector":"LROhyrWB77sEggsQwvSVkk","action":"Initial GetUpdates", "result":"", "context":Reason: NEWLY_SUPPORTED_DATATYPE. cV=LROhyrWB77sEggsQwvSVkk}
{"logTime": "0815/155350", "correlationVector":"LROhyrWB77sEggsQwvSVkk.1","action":"SyncServerConnectionManagerRequest", "result":"SYNC_SERVER_OK", "context":{"environment":"Prod_germanywestcentral_prod-s01-010-eur-germanywestcentral", "migrationStage":"NotStarted", "server":"akswtt00400000g"}}
{"logTime": "0815/155350", "correlationVector":"LROhyrWB77sEggsQwvSVkk.2","action":"ProcessGetUpdates", "result":"Done", "context":{"dataType":"Bookmarks", "deleted":"2", "process_failed_to_decrypt":"0", "process_pending_decryption":"0", "process_success":"3", "total":"3"}}
{"logTime": "0815/155350", "correlationVector":"LROhyrWB77sEggsQwvSVkk.3","action":"ProcessGetUpdates", "result":"Done", "context":{"dataType":"Preferences", "deleted":"0", "process_failed_to_decrypt":"0", "process_pending_decryption":"0", "process_success":"13", "total":"13"}}
{"logTime": "0815/155350", "correlationVector":"LROhyrWB77sEggsQwvSVkk.4","action":"ProcessGetUpdates", "result":"Done", "context":{"dataType":"Autofill Profiles", "deleted":"0", "process_failed_to_decrypt":"0", "process_pending_decryption":"0", "process_success":"1", "total":"1"}}
{"logTime": "0815/155350", "correlationVector":"LROhyrWB77sEggsQwvSVkk.5","action":"ProcessGetUpdates", "result":"Done", "context":{"dataType":"Autofill", "deleted":"0", "process_failed_to_decrypt":"0", "process_pending_decryption":"0", "process_success":"212", "total":"212"}}
{"logTime": "0815/155350", "correlationVector":"LROhyrWB77sEggsQwvSVkk.6","action":"ProcessGetUpdates", "result":"Done", "context":{"dataType":"Sessions", "deleted":"10", "process_failed_to_decrypt":"0", "process_pending_decryption":"0", "process_success":"10", "total":"10"}}
{"logTime": "0815/155350", "correlationVector":"LROhyrWB77sEggsQwvSVkk.7","action":"ProcessGetUpdates", "result":"Done", "context":{"dataType":"Web Apps", "deleted":"0", "process_failed_to_decrypt":"0", "process_pending_decryption":"0", "process_success":"1", "total":"1"}}
{"logTime": "0815/155350", "correlationVector":"LROhyrWB77sEggsQwvSVkk.8","action":"ProcessGetUpdates", "result":"Done", "context":{"dataType":"Saved Tab Group", "deleted":"10", "process_failed_to_decrypt":"0", "process_pending_decryption":"0", "process_success":"10", "total":"10"}}
{"logTime": "0815/155350", "correlationVector":"LROhyrWB77sEggsQwvSVkk.9","action":"GetUpdates Response", "result":"Success", "context":Received 250 update(s). cV=LROhyrWB77sEggsQwvSVkk.0;server=akswtt00400000g;cloudType=Consumer;environment=Prod_germanywestcentral_prod-s01-010-eur-germanywestcentral;migrationStage=NotStarted Some updates remain.}
{"logTime": "0815/155350", "correlationVector":"KyjiQxU2IYaHfIJ6GqhbS0","action":"Initial GetUpdates", "result":"", "context":Reason: NEWLY_SUPPORTED_DATATYPE. cV=KyjiQxU2IYaHfIJ6GqhbS0}
{"logTime": "0815/155350", "correlationVector":"KyjiQxU2IYaHfIJ6GqhbS0.1","action":"SyncServerConnectionManagerRequest", "result":"SYNC_SERVER_OK", "context":{"environment":"Prod_germanywestcentral_prod-s01-010-eur-germanywestcentral", "migrationStage":"NotStarted", "server":"akswtt00400000g"}}
{"logTime": "0815/155350", "correlationVector":"KyjiQxU2IYaHfIJ6GqhbS0.2","action":"ProcessGetUpdates", "result":"Done", "context":{"dataType":"Bookmarks", "deleted":"1", "process_failed_to_decrypt":"0", "process_pending_decryption":"0", "process_success":"1", "total":"1"}}
{"logTime": "0815/155350", "correlationVector":"KyjiQxU2IYaHfIJ6GqhbS0.3","action":"ProcessGetUpdates", "result":"Done", "context":{"dataType":"Autofill", "deleted":"0", "process_failed_to_decrypt":"0", "process_pending_decryption":"0", "process_success":"15", "total":"15"}}
{"logTime": "0815/155350", "correlationVector":"KyjiQxU2IYaHfIJ6GqhbS0.4","action":"ProcessGetUpdates", "result":"Done", "context":{"dataType":"Sessions", "deleted":"234", "process_failed_to_decrypt":"0", "process_pending_decryption":"0", "process_success":"234", "total":"234"}}
{"logTime": "0815/155350", "correlationVector":"KyjiQxU2IYaHfIJ6GqhbS0.5","action":"GetUpdates Response", "result":"Success", "context":Received 250 update(s). cV=KyjiQxU2IYaHfIJ6GqhbS0.0;server=akswtt00400000g;cloudType=Consumer;environment=Prod_germanywestcentral_prod-s01-010-eur-germanywestcentral;migrationStage=NotStarted Some updates remain.}
{"logTime": "0815/155350", "correlationVector":"szcdr0O1lZAt1/iw9AVFQT","action":"Initial GetUpdates", "result":"", "context":Reason: NEWLY_SUPPORTED_DATATYPE. cV=szcdr0O1lZAt1/iw9AVFQT}
{"logTime": "0815/155350", "correlationVector":"szcdr0O1lZAt1/iw9AVFQT.1","action":"SyncServerConnectionManagerRequest", "result":"SYNC_SERVER_OK", "context":{"environment":"Prod_germanywestcentral_prod-s01-010-eur-germanywestcentral", "migrationStage":"NotStarted", "server":"akswtt00400000m"}}
{"logTime": "0815/155350", "correlationVector":"szcdr0O1lZAt1/iw9AVFQT.2","action":"ProcessGetUpdates", "result":"Done", "context":{"dataType":"Autofill", "deleted":"0", "process_failed_to_decrypt":"0", "process_pending_decryption":"0", "process_success":"69", "total":"69"}}
{"logTime": "0815/155350", "correlationVector":"szcdr0O1lZAt1/iw9AVFQT.3","action":"ProcessGetUpdates", "result":"Done", "context":{"dataType":"Sessions", "deleted":"181", "process_failed_to_decrypt":"0", "process_pending_decryption":"0", "process_success":"181", "total":"181"}}
{"logTime": "0815/155350", "correlationVector":"szcdr0O1lZAt1/iw9AVFQT.4","action":"GetUpdates Response", "result":"Success", "context":Received 250 update(s). cV=szcdr0O1lZAt1/iw9AVFQT.0;server=akswtt00400000m;cloudType=Consumer;environment=Prod_germanywestcentral_prod-s01-010-eur-germanywestcentral;migrationStage=NotStarted Some updates remain.}
{"logTime": "0815/155350", "correlationVector":"W+yV3h/l/qjC5TOpgM1jez","action":"Initial GetUpdates", "result":"", "context":Reason: NEWLY_SUPPORTED_DATATYPE. cV=W+yV3h/l/qjC5TOpgM1jez}
{"logTime": "0815/155350", "correlationVector":"W+yV3h/l/qjC5TOpgM1jez.1","action":"SyncServerConnectionManagerRequest", "result":"SYNC_SERVER_OK", "context":{"environment":"Prod_germanywestcentral_prod-s01-010-eur-germanywestcentral", "migrationStage":"NotStarted", "server":"akswtt00400000m"}}
{"logTime": "0815/155350", "correlationVector":"W+yV3h/l/qjC5TOpgM1jez.2","action":"ProcessGetUpdates", "result":"Done", "context":{"dataType":"Autofill", "deleted":"0", "process_failed_to_decrypt":"0", "process_pending_decryption":"0", "process_success":"70", "total":"70"}}
{"logTime": "0815/155350", "correlationVector":"W+yV3h/l/qjC5TOpgM1jez.3","action":"ProcessGetUpdates", "result":"Done", "context":{"dataType":"Sessions", "deleted":"180", "process_failed_to_decrypt":"0", "process_pending_decryption":"0", "process_success":"180", "total":"180"}}
{"logTime": "0815/155350", "correlationVector":"W+yV3h/l/qjC5TOpgM1jez.4","action":"GetUpdates Response", "result":"Success", "context":Received 250 update(s). cV=W+yV3h/l/qjC5TOpgM1jez.0;server=akswtt00400000m;cloudType=Consumer;environment=Prod_germanywestcentral_prod-s01-010-eur-germanywestcentral;migrationStage=NotStarted Some updates remain.}
{"logTime": "0815/155350", "correlationVector":"1yu8HPc6W21lY3FARm8j3O","action":"Initial GetUpdates", "result":"", "context":Reason: NEWLY_SUPPORTED_DATATYPE. cV=1yu8HPc6W21lY3FARm8j3O}
{"logTime": "0815/155351", "correlationVector":"1yu8HPc6W21lY3FARm8j3O.1","action":"SyncServerConnectionManagerRequest", "result":"SYNC_SERVER_OK", "context":{"environment":"Prod_germanywestcentral_prod-s01-010-eur-germanywestcentral", "migrationStage":"NotStarted", "server":"akswtt00400000f"}}
{"logTime": "0815/155351", "correlationVector":"1yu8HPc6W21lY3FARm8j3O.2","action":"ProcessGetUpdates", "result":"Done", "context":{"dataType":"Autofill", "deleted":"0", "process_failed_to_decrypt":"0", "process_pending_decryption":"0", "process_success":"11", "total":"11"}}
{"logTime": "0815/155351", "correlationVector":"1yu8HPc6W21lY3FARm8j3O.3","action":"ProcessGetUpdates", "result":"Done", "context":{"dataType":"Sessions", "deleted":"235", "process_failed_to_decrypt":"0", "process_pending_decryption":"0", "process_success":"235", "total":"235"}}
{"logTime": "0815/155351", "correlationVector":"1yu8HPc6W21lY3FARm8j3O.4","action":"ProcessGetUpdates", "result":"Done", "context":{"dataType":"Saved Tab Group", "deleted":"3", "process_failed_to_decrypt":"0", "process_pending_decryption":"0", "process_success":"3", "total":"3"}}
{"logTime": "0815/155351", "correlationVector":"1yu8HPc6W21lY3FARm8j3O.5","action":"ProcessGetUpdates", "result":"Done", "context":{"dataType":"Edge Hub App Usage", "deleted":"0", "process_failed_to_decrypt":"0", "process_pending_decryption":"0", "process_success":"1", "total":"1"}}
{"logTime": "0815/155351", "correlationVector":"1yu8HPc6W21lY3FARm8j3O.6","action":"GetUpdates Response", "result":"Success", "context":Received 250 update(s). cV=1yu8HPc6W21lY3FARm8j3O.0;server=akswtt00400000f;cloudType=Consumer;environment=Prod_germanywestcentral_prod-s01-010-eur-germanywestcentral;migrationStage=NotStarted Some updates remain.}
{"logTime": "0815/155351", "correlationVector":"3q2FKkpeG740OhU8vZw70+","action":"Initial GetUpdates", "result":"", "context":Reason: NEWLY_SUPPORTED_DATATYPE. cV=3q2FKkpeG740OhU8vZw70+}
{"logTime": "0815/155351", "correlationVector":"3q2FKkpeG740OhU8vZw70+.1","action":"SyncServerConnectionManagerRequest", "result":"SYNC_SERVER_OK", "context":{"environment":"Prod_germanywestcentral_prod-s01-010-eur-germanywestcentral", "migrationStage":"NotStarted", "server":"akswtt00400001b"}}
{"logTime": "0815/155351", "correlationVector":"3q2FKkpeG740OhU8vZw70+.2","action":"ProcessGetUpdates", "result":"Done", "context":{"dataType":"Autofill", "deleted":"0", "process_failed_to_decrypt":"0", "process_pending_decryption":"0", "process_success":"47", "total":"47"}}
{"logTime": "0815/155351", "correlationVector":"3q2FKkpeG740OhU8vZw70+.3","action":"ProcessGetUpdates", "result":"Done", "context":{"dataType":"Sessions", "deleted":"196", "process_failed_to_decrypt":"0", "process_pending_decryption":"0", "process_success":"196", "total":"196"}}
{"logTime": "0815/155351", "correlationVector":"3q2FKkpeG740OhU8vZw70+.4","action":"ProcessGetUpdates", "result":"Done", "context":{"dataType":"Edge Hub App Usage", "deleted":"7", "process_failed_to_decrypt":"0", "process_pending_decryption":"0", "process_success":"7", "total":"7"}}
{"logTime": "0815/155351", "correlationVector":"3q2FKkpeG740OhU8vZw70+.5","action":"GetUpdates Response", "result":"Success", "context":Received 250 update(s). cV=3q2FKkpeG740OhU8vZw70+.0;server=akswtt00400001b;cloudType=Consumer;environment=Prod_germanywestcentral_prod-s01-010-eur-germanywestcentral;migrationStage=NotStarted Some updates remain.}
{"logTime": "0815/155351", "correlationVector":"eLUSFGoi0mANgd2son38yi","action":"Initial GetUpdates", "result":"", "context":Reason: NEWLY_SUPPORTED_DATATYPE. cV=eLUSFGoi0mANgd2son38yi}
{"logTime": "0815/155528", "correlationVector":"vgW3JsyRyJA8EeiKEc19t3","action":"Normal GetUpdate request", "result":"", "context":cV=vgW3JsyRyJA8EeiKEc19t3
Nudged types: Sessions
Refresh requested types: Bookmarks, Preferences, Passwords, Autofill Profiles, Autofill, Extensions, Sessions, Extension settings, History Delete Directives, Device Info, User Consents, Send Tab To Self, Web Apps, History, Saved Tab Group, WebAuthn Credentials, Edge E Drop, Edge Hub App Usage, Edge Workspace, Encryption Keys}
{"logTime": "0815/155528", "correlationVector":"vgW3JsyRyJA8EeiKEc19t3.1","action":"SyncServerConnectionManagerRequest", "result":"SYNC_SERVER_OK", "context":{"environment":"Prod_germanywestcentral_prod-s01-010-eur-germanywestcentral", "migrationStage":"NotStarted", "server":"akswtt004000009"}}
{"logTime": "0815/155528", "correlationVector":"vgW3JsyRyJA8EeiKEc19t3.2","action":"ProcessGetUpdates", "result":"Done", "context":{"dataType":"Sessions", "deleted":"0", "process_failed_to_decrypt":"0", "process_pending_decryption":"0", "process_success":"2", "total":"2"}}
{"logTime": "0815/155528", "correlationVector":"vgW3JsyRyJA8EeiKEc19t3.3","action":"GetUpdates Response", "result":"Success", "context":Received 2 update(s). cV=vgW3JsyRyJA8EeiKEc19t3.0;server=akswtt004000009;cloudType=Consumer;environment=Prod_germanywestcentral_prod-s01-010-eur-germanywestcentral;migrationStage=NotStarted}
{"logTime": "0815/155528", "correlationVector":"QLKlVUkHYMMP9qAvPEkbc5","action":"Commit Request", "result":"", "context":Item count: 2
Contributing types: Sessions}
{"logTime": "0815/155528", "correlationVector":"QLKlVUkHYMMP9qAvPEkbc5.1","action":"SyncServerConnectionManagerRequest", "result":"SYNC_SERVER_OK", "context":{"environment":"Prod_germanywestcentral_prod-s01-010-eur-germanywestcentral", "migrationStage":"NotStarted", "server":"akswtt004000003"}}
{"logTime": "0815/155528", "correlationVector":"QLKlVUkHYMMP9qAvPEkbc5.2","action":"Commit Response", "result":"Success", "context":Result: Success. cV=QLKlVUkHYMMP9qAvPEkbc5.0;server=akswtt004000003;cloudType=Consumer;environment=Prod_germanywestcentral_prod-s01-010-eur-germanywestcentral;migrationStage=NotStarted}
{"logTime": "0815/155750", "correlationVector":"uDTZ6owXW2RRbf8rWq+V/8","action":"Normal GetUpdate request", "result":"", "context":cV=uDTZ6owXW2RRbf8rWq+V/8
Nudged types: Sessions
Refresh requested types: Bookmarks, Preferences, Passwords, Autofill Profiles, Autofill, Extensions, Sessions, Extension settings, History Delete Directives, Device Info, User Consents, Send Tab To Self, Web Apps, History, Saved Tab Group, WebAuthn Credentials, Edge E Drop, Edge Hub App Usage, Edge Workspace, Encryption Keys}
{"logTime": "0815/155750", "correlationVector":"uDTZ6owXW2RRbf8rWq+V/8.1","action":"SyncServerConnectionManagerRequest", "result":"SYNC_SERVER_OK", "context":{"environment":"Prod_germanywestcentral_prod-s01-010-eur-germanywestcentral", "migrationStage":"NotStarted", "server":"akswtt00400006p"}}
{"logTime": "0815/155750", "correlationVector":"uDTZ6owXW2RRbf8rWq+V/8.2","action":"ProcessGetUpdates", "result":"Done", "context":{"dataType":"Sessions", "deleted":"0", "process_failed_to_decrypt":"0", "process_pending_decryption":"0", "process_success":"5", "total":"5"}}
{"logTime": "0815/155750", "correlationVector":"uDTZ6owXW2RRbf8rWq+V/8.3","action":"ProcessGetUpdates", "result":"Done", "context":{"dataType":"History", "deleted":"0", "process_failed_to_decrypt":"0", "process_pending_decryption":"0", "process_success":"4", "total":"4"}}
{"logTime": "0815/155750", "correlationVector":"uDTZ6owXW2RRbf8rWq+V/8.4","action":"GetUpdates Response", "result":"Success", "context":Received 9 update(s). cV=uDTZ6owXW2RRbf8rWq+V/8.0;server=akswtt00400006p;cloudType=Consumer;environment=Prod_germanywestcentral_prod-s01-010-eur-germanywestcentral;migrationStage=NotStarted}
{"logTime": "0815/155750", "correlationVector":"IEUwDnTwpI7ifRUXx0yypb","action":"Commit Request", "result":"", "context":Item count: 2
Contributing types: Sessions}
{"logTime": "0815/155750", "correlationVector":"IEUwDnTwpI7ifRUXx0yypb.1","action":"SyncServerConnectionManagerRequest", "result":"SYNC_SERVER_OK", "context":{"environment":"Prod_germanywestcentral_prod-s01-010-eur-germanywestcentral", "migrationStage":"NotStarted", "server":"akswtt00400000s"}}
{"logTime": "0815/155750", "correlationVector":"IEUwDnTwpI7ifRUXx0yypb.2","action":"Commit Response", "result":"Success", "context":Result: Success. cV=IEUwDnTwpI7ifRUXx0yypb.0;server=akswtt00400000s;cloudType=Consumer;environment=Prod_germanywestcentral_prod-s01-010-eur-germanywestcentral;migrationStage=NotStarted}
{"logTime": "0815/155750", "correlationVector":"Cls+ITf2X7w/1py+8IRzu4","action":"Normal GetUpdate request", "result":"", "context":cV=Cls+ITf2X7w/1py+8IRzu4
Nudged types: Sessions
Notified types: History}
{"logTime": "0815/155750", "correlationVector":"Cls+ITf2X7w/1py+8IRzu4.1","action":"SyncServerConnectionManagerRequest", "result":"SYNC_SERVER_OK", "context":{"environment":"Prod_germanywestcentral_prod-s01-010-eur-germanywestcentral", "migrationStage":"NotStarted", "server":"akswtt004000007"}}
{"logTime": "0815/155750", "correlationVector":"Cls+ITf2X7w/1py+8IRzu4.2","action":"ProcessGetUpdates", "result":"Done", "context":{"dataType":"Sessions", "deleted":"0", "process_failed_to_decrypt":"0", "process_pending_decryption":"0", "process_success":"2", "total":"2"}}
{"logTime": "0815/155750", "correlationVector":"Cls+ITf2X7w/1py+8IRzu4.3","action":"GetUpdates Response", "result":"Success", "context":Received 2 update(s). cV=Cls+ITf2X7w/1py+8IRzu4.0;server=akswtt004000007;cloudType=Consumer;environment=Prod_germanywestcentral_prod-s01-010-eur-germanywestcentral;migrationStage=NotStarted}
{"logTime": "0815/155755", "correlationVector":"qyhNTTCXkKODD5Sc6mzI7/","action":"Normal GetUpdate request", "result":"", "context":cV=qyhNTTCXkKODD5Sc6mzI7/
Nudged types: Sessions
Refresh requested types: Bookmarks, Preferences, Passwords, Autofill Profiles, Autofill, Extensions, Sessions, Extension settings, History Delete Directives, Device Info, User Consents, Send Tab To Self, Web Apps, History, Saved Tab Group, WebAuthn Credentials, Edge E Drop, Edge Hub App Usage, Edge Workspace, Encryption Keys}
{"logTime": "0815/155755", "correlationVector":"qyhNTTCXkKODD5Sc6mzI7/.1","action":"SyncServerConnectionManagerRequest", "result":"SYNC_SERVER_OK", "context":{"environment":"Prod_germanywestcentral_prod-s01-010-eur-germanywestcentral", "migrationStage":"NotStarted", "server":"akswtt00400000m"}}
{"logTime": "0815/155755", "correlationVector":"qyhNTTCXkKODD5Sc6mzI7/.2","action":"GetUpdates Response", "result":"Success", "context":Received 0 update(s). cV=qyhNTTCXkKODD5Sc6mzI7/.0;server=akswtt00400000m;cloudType=Consumer;environment=Prod_germanywestcentral_prod-s01-010-eur-germanywestcentral;migrationStage=NotStarted}
{"logTime": "0815/155755", "correlationVector":"Kl2bOzJP2S0z0PnIPAttPi","action":"Commit Request", "result":"", "context":Item count: 2
Contributing types: Sessions}
{"logTime": "0815/155756", "correlationVector":"Kl2bOzJP2S0z0PnIPAttPi.1","action":"SyncServerConnectionManagerRequest", "result":"SYNC_SERVER_OK", "context":{"environment":"Prod_germanywestcentral_prod-s01-010-eur-germanywestcentral", "migrationStage":"NotStarted", "server":"akswtt004000007"}}
{"logTime": "0815/155756", "correlationVector":"Kl2bOzJP2S0z0PnIPAttPi.2","action":"Commit Response", "result":"Success", "context":Result: Success. cV=Kl2bOzJP2S0z0PnIPAttPi.0;server=akswtt004000007;cloudType=Consumer;environment=Prod_germanywestcentral_prod-s01-010-eur-germanywestcentral;migrationStage=NotStarted}
{"logTime": "0815/155804", "correlationVector":"YiQb5G1jzbzXuzz9XFptnI","action":"Normal GetUpdate request", "result":"", "context":cV=YiQb5G1jzbzXuzz9XFptnI
Nudged types: Sessions
Refresh requested types: Bookmarks, Preferences, Passwords, Autofill Profiles, Autofill, Extensions, Sessions, Extension settings, History Delete Directives, Device Info, User Consents, Send Tab To Self, Web Apps, History, Saved Tab Group, WebAuthn Credentials, Edge E Drop, Edge Hub App Usage, Edge Workspace, Encryption Keys}
{"logTime": "0815/155804", "correlationVector":"YiQb5G1jzbzXuzz9XFptnI.1","action":"SyncServerConnectionManagerRequest", "result":"SYNC_SERVER_OK", "context":{"environment":"Prod_germanywestcentral_prod-s01-010-eur-germanywestcentral", "migrationStage":"NotStarted", "server":"akswtt004000008"}}
{"logTime": "0815/155804", "correlationVector":"YiQb5G1jzbzXuzz9XFptnI.2","action":"ProcessGetUpdates", "result":"Done", "context":{"dataType":"Sessions", "deleted":"0", "process_failed_to_decrypt":"0", "process_pending_decryption":"0", "process_success":"2", "total":"2"}}
{"logTime": "0815/155804", "correlationVector":"YiQb5G1jzbzXuzz9XFptnI.3","action":"GetUpdates Response", "result":"Success", "context":Received 2 update(s). cV=YiQb5G1jzbzXuzz9XFptnI.0;server=akswtt004000008;cloudType=Consumer;environment=Prod_germanywestcentral_prod-s01-010-eur-germanywestcentral;migrationStage=NotStarted}
{"logTime": "0815/155804", "correlationVector":"nSp4Q91jDwNDEcVzX13Mxf","action":"Commit Request", "result":"", "context":Item count: 2
Contributing types: Sessions}
{"logTime": "0815/155804", "correlationVector":"nSp4Q91jDwNDEcVzX13Mxf.1","action":"SyncServerConnectionManagerRequest", "result":"SYNC_SERVER_OK", "context":{"environment":"Prod_germanywestcentral_prod-s01-010-eur-germanywestcentral", "migrationStage":"NotStarted", "server":"akswtt00400000q"}}
{"logTime": "0815/155804", "correlationVector":"nSp4Q91jDwNDEcVzX13Mxf.2","action":"Commit Response", "result":"Success", "context":Result: Success. cV=nSp4Q91jDwNDEcVzX13Mxf.0;server=akswtt00400000q;cloudType=Consumer;environment=Prod_germanywestcentral_prod-s01-010-eur-germanywestcentral;migrationStage=NotStarted}
{"logTime": "0815/155810", "correlationVector":"B/dE/wDjbSopqRGKTP3F8a","action":"Normal GetUpdate request", "result":"", "context":cV=B/dE/wDjbSopqRGKTP3F8a
Nudged types: Sessions
Refresh requested types: Bookmarks, Preferences, Passwords, Autofill Profiles, Autofill, Extensions, Sessions, Extension settings, History Delete Directives, Device Info, User Consents, Send Tab To Self, Web Apps, History, Saved Tab Group, WebAuthn Credentials, Edge E Drop, Edge Hub App Usage, Edge Workspace, Encryption Keys}
{"logTime": "0815/155810", "correlationVector":"B/dE/wDjbSopqRGKTP3F8a.1","action":"SyncServerConnectionManagerRequest", "result":"SYNC_SERVER_OK", "context":{"environment":"Prod_germanywestcentral_prod-s01-010-eur-germanywestcentral", "migrationStage":"NotStarted", "server":"akswtt004000009"}}
{"logTime": "0815/155810", "correlationVector":"B/dE/wDjbSopqRGKTP3F8a.2","action":"ProcessGetUpdates", "result":"Done", "context":{"dataType":"Sessions", "deleted":"0", "process_failed_to_decrypt":"0", "process_pending_decryption":"0", "process_success":"2", "total":"2"}}
{"logTime": "0815/155810", "correlationVector":"B/dE/wDjbSopqRGKTP3F8a.3","action":"GetUpdates Response", "result":"Success", "context":Received 2 update(s). cV=B/dE/wDjbSopqRGKTP3F8a.0;server=akswtt004000009;cloudType=Consumer;environment=Prod_germanywestcentral_prod-s01-010-eur-germanywestcentral;migrationStage=NotStarted}
{"logTime": "0815/155810", "correlationVector":"TiV1YZN1a6OjwM72qRH6j/","action":"Commit Request", "result":"", "context":Item count: 2
Contributing types: Sessions}
{"logTime": "0815/155810", "correlationVector":"TiV1YZN1a6OjwM72qRH6j/.1","action":"SyncServerConnectionManagerRequest", "result":"SYNC_SERVER_OK", "context":{"environment":"Prod_germanywestcentral_prod-s01-010-eur-germanywestcentral", "migrationStage":"NotStarted", "server":"akswtt00400000o"}}
{"logTime": "0815/155810", "correlationVector":"TiV1YZN1a6OjwM72qRH6j/.2","action":"Commit Response", "result":"Success", "context":Result: Success. cV=TiV1YZN1a6OjwM72qRH6j/.0;server=akswtt00400000o;cloudType=Consumer;environment=Prod_germanywestcentral_prod-s01-010-eur-germanywestcentral;migrationStage=NotStarted}
{"logTime": "0815/155820", "correlationVector":"VWMRehdaTciqtcGaAnaEnb","action":"Normal GetUpdate request", "result":"", "context":cV=VWMRehdaTciqtcGaAnaEnb
Nudged types: Sessions
Refresh requested types: Bookmarks, Preferences, Passwords, Autofill Profiles, Autofill, Extensions, Sessions, Extension settings, History Delete Directives, Device Info, User Consents, Send Tab To Self, Web Apps, History, Saved Tab Group, WebAuthn Credentials, Edge E Drop, Edge Hub App Usage, Edge Workspace, Encryption Keys}
{"logTime": "0815/155820", "correlationVector":"VWMRehdaTciqtcGaAnaEnb.1","action":"SyncServerConnectionManagerRequest", "result":"SYNC_SERVER_OK", "context":{"environment":"Prod_germanywestcentral_prod-s01-010-eur-germanywestcentral", "migrationStage":"NotStarted", "server":"akswtt00400001b"}}
{"logTime": "0815/155820", "correlationVector":"VWMRehdaTciqtcGaAnaEnb.2","action":"ProcessGetUpdates", "result":"Done", "context":{"dataType":"Sessions", "deleted":"0", "process_failed_to_decrypt":"0", "process_pending_decryption":"0", "process_success":"2", "total":"2"}}
{"logTime": "0815/155820", "correlationVector":"VWMRehdaTciqtcGaAnaEnb.3","action":"GetUpdates Response", "result":"Success", "context":Received 2 update(s). cV=VWMRehdaTciqtcGaAnaEnb.0;server=akswtt00400001b;cloudType=Consumer;environment=Prod_germanywestcentral_prod-s01-010-eur-germanywestcentral;migrationStage=NotStarted}
{"logTime": "0815/155820", "correlationVector":"vfZBbwnqJpJEuwdZ5CtjCk","action":"Commit Request", "result":"", "context":Item count: 2
Contributing types: Sessions}
{"logTime": "0815/155821", "correlationVector":"vfZBbwnqJpJEuwdZ5CtjCk.1","action":"SyncServerConnectionManagerRequest", "result":"SYNC_SERVER_OK", "context":{"environment":"Prod_germanywestcentral_prod-s01-010-eur-germanywestcentral", "migrationStage":"NotStarted", "server":"akswtt004000007"}}
{"logTime": "0815/155821", "correlationVector":"vfZBbwnqJpJEuwdZ5CtjCk.2","action":"Commit Response", "result":"Success", "context":Result: Success. cV=vfZBbwnqJpJEuwdZ5CtjCk.0;server=akswtt004000007;cloudType=Consumer;environment=Prod_germanywestcentral_prod-s01-010-eur-germanywestcentral;migrationStage=NotStarted}
{"logTime": "0815/155825", "correlationVector":"mlR90evy4fwIryNeBDNZPs","action":"Normal GetUpdate request", "result":"", "context":cV=mlR90evy4fwIryNeBDNZPs
Nudged types: Sessions
Refresh requested types: Bookmarks, Preferences, Passwords, Autofill Profiles, Autofill, Extensions, Sessions, Extension settings, History Delete Directives, Device Info, User Consents, Send Tab To Self, Web Apps, History, Saved Tab Group, WebAuthn Credentials, Edge E Drop, Edge Hub App Usage, Edge Workspace, Encryption Keys}
{"logTime": "0815/155825", "correlationVector":"mlR90evy4fwIryNeBDNZPs.1","action":"SyncServerConnectionManagerRequest", "result":"SYNC_SERVER_OK", "context":{"environment":"Prod_germanywestcentral_prod-s01-010-eur-germanywestcentral", "migrationStage":"NotStarted", "server":"akswtt004000003"}}
{"logTime": "0815/155825", "correlationVector":"mlR90evy4fwIryNeBDNZPs.2","action":"ProcessGetUpdates", "result":"Done", "context":{"dataType":"Sessions", "deleted":"0", "process_failed_to_decrypt":"0", "process_pending_decryption":"0", "process_success":"2", "total":"2"}}
{"logTime": "0815/155825", "correlationVector":"mlR90evy4fwIryNeBDNZPs.3","action":"GetUpdates Response", "result":"Success", "context":Received 2 update(s). cV=mlR90evy4fwIryNeBDNZPs.0;server=akswtt004000003;cloudType=Consumer;environment=Prod_germanywestcentral_prod-s01-010-eur-germanywestcentral;migrationStage=NotStarted}
{"logTime": "0815/155825", "correlationVector":"r/3XDuxvB6mxReN6Rw1QLN","action":"Commit Request", "result":"", "context":Item count: 2
Contributing types: Sessions}
{"logTime": "0815/155826", "correlationVector":"r/3XDuxvB6mxReN6Rw1QLN.1","action":"SyncServerConnectionManagerRequest", "result":"SYNC_SERVER_OK", "context":{"environment":"Prod_germanywestcentral_prod-s01-010-eur-germanywestcentral", "migrationStage":"NotStarted", "server":"akswtt00400000o"}}
{"logTime": "0815/155826", "correlationVector":"r/3XDuxvB6mxReN6Rw1QLN.2","action":"Commit Response", "result":"Success", "context":Result: Success. cV=r/3XDuxvB6mxReN6Rw1QLN.0;server=akswtt00400000o;cloudType=Consumer;environment=Prod_germanywestcentral_prod-s01-010-eur-germanywestcentral;migrationStage=NotStarted}
{"logTime": "0815/160229", "correlationVector":"e0EIbfioKSC72qTArN8kQz","action":"Normal GetUpdate request", "result":"", "context":cV=e0EIbfioKSC72qTArN8kQz
Nudged types: Sessions
Refresh requested types: Bookmarks, Preferences, Passwords, Autofill Profiles, Autofill, Extensions, Sessions, Extension settings, History Delete Directives, Device Info, User Consents, Send Tab To Self, Web Apps, History, Saved Tab Group, WebAuthn Credentials, Edge E Drop, Edge Hub App Usage, Edge Workspace, Encryption Keys}
{"logTime": "0815/160230", "correlationVector":"e0EIbfioKSC72qTArN8kQz.1","action":"SyncServerConnectionManagerRequest", "result":"SYNC_SERVER_OK", "context":{"environment":"Prod_germanywestcentral_prod-s01-010-eur-germanywestcentral", "migrationStage":"NotStarted", "server":"akswtt00400000m"}}
{"logTime": "0815/160230", "correlationVector":"e0EIbfioKSC72qTArN8kQz.2","action":"GetUpdates Response", "result":"Success", "context":Received 0 update(s). cV=e0EIbfioKSC72qTArN8kQz.0;server=akswtt00400000m;cloudType=Consumer;environment=Prod_germanywestcentral_prod-s01-010-eur-germanywestcentral;migrationStage=NotStarted}
{"logTime": "0815/160230", "correlationVector":"xl4eNcfi6dPNu53xtJ6pVT","action":"Commit Request", "result":"", "context":Item count: 2
Contributing types: Sessions}
{"logTime": "0815/160230", "correlationVector":"xl4eNcfi6dPNu53xtJ6pVT.1","action":"SyncServerConnectionManagerRequest", "result":"SYNC_SERVER_OK", "context":{"environment":"Prod_germanywestcentral_prod-s01-010-eur-germanywestcentral", "migrationStage":"NotStarted", "server":"akswtt00400000a"}}
{"logTime": "0815/160230", "correlationVector":"xl4eNcfi6dPNu53xtJ6pVT.2","action":"Commit Response", "result":"Success", "context":Result: Success. cV=xl4eNcfi6dPNu53xtJ6pVT.0;server=akswtt00400000a;cloudType=Consumer;environment=Prod_germanywestcentral_prod-s01-010-eur-germanywestcentral;migrationStage=NotStarted}
{"logTime": "0815/160347", "correlationVector":"WdChZSO16rYfT1z2Xb7KkZ","action":"Normal GetUpdate request", "result":"", "context":cV=WdChZSO16rYfT1z2Xb7KkZ
Nudged types: Sessions
Refresh requested types: Bookmarks, Preferences, Passwords, Autofill Profiles, Autofill, Extensions, Sessions, Extension settings, History Delete Directives, Device Info, User Consents, Send Tab To Self, Web Apps, History, Saved Tab Group, WebAuthn Credentials, Edge E Drop, Edge Hub App Usage, Edge Workspace, Encryption Keys}
{"logTime": "0815/160347", "correlationVector":"WdChZSO16rYfT1z2Xb7KkZ.1","action":"SyncServerConnectionManagerRequest", "result":"SYNC_SERVER_OK", "context":{"environment":"Prod_germanywestcentral_prod-s01-010-eur-germanywestcentral", "migrationStage":"NotStarted", "server":"akswtt00400001b"}}
{"logTime": "0815/160347", "correlationVector":"WdChZSO16rYfT1z2Xb7KkZ.2","action":"ProcessGetUpdates", "result":"Done", "context":{"dataType":"Sessions", "deleted":"0", "process_failed_to_decrypt":"0", "process_pending_decryption":"0", "process_success":"2", "total":"2"}}
{"logTime": "0815/160347", "correlationVector":"WdChZSO16rYfT1z2Xb7KkZ.3","action":"GetUpdates Response", "result":"Success", "context":Received 2 update(s). cV=WdChZSO16rYfT1z2Xb7KkZ.0;server=akswtt00400001b;cloudType=Consumer;environment=Prod_germanywestcentral_prod-s01-010-eur-germanywestcentral;migrationStage=NotStarted}
{"logTime": "0815/160347", "correlationVector":"E4AzUViUko8ySgmHtJiFwM","action":"Commit Request", "result":"", "context":Item count: 2
Contributing types: Sessions}
{"logTime": "0815/160347", "correlationVector":"E4AzUViUko8ySgmHtJiFwM.1","action":"SyncServerConnectionManagerRequest", "result":"SYNC_SERVER_OK", "context":{"environment":"Prod_germanywestcentral_prod-s01-010-eur-germanywestcentral", "migrationStage":"NotStarted", "server":"akswtt00400000b"}}
{"logTime": "0815/160347", "correlationVector":"E4AzUViUko8ySgmHtJiFwM.2","action":"Commit Response", "result":"Success", "context":Result: Success. cV=E4AzUViUko8ySgmHtJiFwM.0;server=akswtt00400000b;cloudType=Consumer;environment=Prod_germanywestcentral_prod-s01-010-eur-germanywestcentral;migrationStage=NotStarted}
{"logTime": "0815/160403", "correlationVector":"ogCQ82ErVW13D4AFhXeA0v","action":"Normal GetUpdate request", "result":"", "context":cV=ogCQ82ErVW13D4AFhXeA0v
Nudged types: Sessions
Refresh requested types: Bookmarks, Preferences, Passwords, Autofill Profiles, Autofill, Extensions, Sessions, Extension settings, History Delete Directives, Device Info, User Consents, Send Tab To Self, Web Apps, History, Saved Tab Group, WebAuthn Credentials, Edge E Drop, Edge Hub App Usage, Edge Workspace, Encryption Keys}
{"logTime": "0815/160403", "correlationVector":"ogCQ82ErVW13D4AFhXeA0v.1","action":"SyncServerConnectionManagerRequest", "result":"SYNC_SERVER_OK", "context":{"environment":"Prod_germanywestcentral_prod-s01-010-eur-germanywestcentral", "migrationStage":"NotStarted", "server":"akswtt004000006"}}
{"logTime": "0815/160403", "correlationVector":"ogCQ82ErVW13D4AFhXeA0v.2","action":"ProcessGetUpdates", "result":"Done", "context":{"dataType":"Sessions", "deleted":"0", "process_failed_to_decrypt":"0", "process_pending_decryption":"0", "process_success":"2", "total":"2"}}
{"logTime": "0815/160403", "correlationVector":"ogCQ82ErVW13D4AFhXeA0v.3","action":"GetUpdates Response", "result":"Success", "context":Received 2 update(s). cV=ogCQ82ErVW13D4AFhXeA0v.0;server=akswtt004000006;cloudType=Consumer;environment=Prod_germanywestcentral_prod-s01-010-eur-germanywestcentral;migrationStage=NotStarted}
{"logTime": "0815/160403", "correlationVector":"sxtcg7/V5zK7RErm+kdcgf","action":"Commit Request", "result":"", "context":Item count: 2
Contributing types: Sessions}
{"logTime": "0815/160403", "correlationVector":"sxtcg7/V5zK7RErm+kdcgf.1","action":"SyncServerConnectionManagerRequest", "result":"SYNC_SERVER_OK", "context":{"environment":"Prod_germanywestcentral_prod-s01-010-eur-germanywestcentral", "migrationStage":"NotStarted", "server":"akswtt00400000d"}}
{"logTime": "0815/160403", "correlationVector":"sxtcg7/V5zK7RErm+kdcgf.2","action":"Commit Response", "result":"Success", "context":Result: Success. cV=sxtcg7/V5zK7RErm+kdcgf.0;server=akswtt00400000d;cloudType=Consumer;environment=Prod_germanywestcentral_prod-s01-010-eur-germanywestcentral;migrationStage=NotStarted}
{"logTime": "0815/160410", "correlationVector":"S/l1bQbXQVysyHm87dfwgS","action":"Normal GetUpdate request", "result":"", "context":cV=S/l1bQbXQVysyHm87dfwgS
Nudged types: Sessions
Refresh requested types: Bookmarks, Preferences, Passwords, Autofill Profiles, Autofill, Extensions, Sessions, Extension settings, History Delete Directives, Device Info, User Consents, Send Tab To Self, Web Apps, History, Saved Tab Group, WebAuthn Credentials, Edge E Drop, Edge Hub App Usage, Edge Workspace, Encryption Keys}
{"logTime": "0815/160411", "correlationVector":"S/l1bQbXQVysyHm87dfwgS.1","action":"SyncServerConnectionManagerRequest", "result":"SYNC_SERVER_OK", "context":{"environment":"Prod_germanywestcentral_prod-s01-010-eur-germanywestcentral", "migrationStage":"NotStarted", "server":"akswtt004000008"}}
{"logTime": "0815/160411", "correlationVector":"S/l1bQbXQVysyHm87dfwgS.2","action":"ProcessGetUpdates", "result":"Done", "context":{"dataType":"Sessions", "deleted":"0", "process_failed_to_decrypt":"0", "process_pending_decryption":"0", "process_success":"2", "total":"2"}}
{"logTime": "0815/160411", "correlationVector":"S/l1bQbXQVysyHm87dfwgS.3","action":"GetUpdates Response", "result":"Success", "context":Received 2 update(s). cV=S/l1bQbXQVysyHm87dfwgS.0;server=akswtt004000008;cloudType=Consumer;environment=Prod_germanywestcentral_prod-s01-010-eur-germanywestcentral;migrationStage=NotStarted}
{"logTime": "0815/160411", "correlationVector":"Bob3KOvvnEIjzgTkCDs5F0","action":"Commit Request", "result":"", "context":Item count: 2
Contributing types: Sessions}
{"logTime": "0815/160411", "correlationVector":"Bob3KOvvnEIjzgTkCDs5F0.1","action":"SyncServerConnectionManagerRequest", "result":"SYNC_SERVER_OK", "context":{"environment":"Prod_germanywestcentral_prod-s01-010-eur-germanywestcentral", "migrationStage":"NotStarted", "server":"akswtt004000005"}}
{"logTime": "0815/160411", "correlationVector":"Bob3KOvvnEIjzgTkCDs5F0.2","action":"Commit Response", "result":"Success", "context":Result: Success. cV=Bob3KOvvnEIjzgTkCDs5F0.0;server=akswtt004000005;cloudType=Consumer;environment=Prod_germanywestcentral_prod-s01-010-eur-germanywestcentral;migrationStage=NotStarted}
{"logTime": "0815/160416", "correlationVector":"iecX7btjzXrlMDf5dCYNgM","action":"Normal GetUpdate request", "result":"", "context":cV=iecX7btjzXrlMDf5dCYNgM
Nudged types: Sessions
Refresh requested types: Bookmarks, Preferences, Passwords, Autofill Profiles, Autofill, Extensions, Sessions, Extension settings, History Delete Directives, Device Info, User Consents, Send Tab To Self, Web Apps, History, Saved Tab Group, WebAuthn Credentials, Edge E Drop, Edge Hub App Usage, Edge Workspace, Encryption Keys}
{"logTime": "0815/160416", "correlationVector":"iecX7btjzXrlMDf5dCYNgM.1","action":"SyncServerConnectionManagerRequest", "result":"SYNC_SERVER_OK", "context":{"environment":"Prod_germanywestcentral_prod-s01-010-eur-germanywestcentral", "migrationStage":"NotStarted", "server":"akswtt00400000t"}}
{"logTime": "0815/160416", "correlationVector":"iecX7btjzXrlMDf5dCYNgM.2","action":"ProcessGetUpdates", "result":"Done", "context":{"dataType":"Sessions", "deleted":"0", "process_failed_to_decrypt":"0", "process_pending_decryption":"0", "process_success":"2", "total":"2"}}
{"logTime": "0815/160416", "correlationVector":"iecX7btjzXrlMDf5dCYNgM.3","action":"GetUpdates Response", "result":"Success", "context":Received 2 update(s). cV=iecX7btjzXrlMDf5dCYNgM.0;server=akswtt00400000t;cloudType=Consumer;environment=Prod_germanywestcentral_prod-s01-010-eur-germanywestcentral;migrationStage=NotStarted}
{"logTime": "0815/160416", "correlationVector":"Eiqg4txKjzCZgQir+KcFgl","action":"Commit Request", "result":"", "context":Item count: 2
Contributing types: Sessions}
{"logTime": "0815/160416", "correlationVector":"Eiqg4txKjzCZgQir+KcFgl.1","action":"SyncServerConnectionManagerRequest", "result":"SYNC_SERVER_OK", "context":{"environment":"Prod_germanywestcentral_prod-s01-010-eur-germanywestcentral", "migrationStage":"NotStarted", "server":"akswtt00400000g"}}
{"logTime": "0815/160416", "correlationVector":"Eiqg4txKjzCZgQir+KcFgl.2","action":"Commit Response", "result":"Success", "context":Result: Success. cV=Eiqg4txKjzCZgQir+KcFgl.0;server=akswtt00400000g;cloudType=Consumer;environment=Prod_germanywestcentral_prod-s01-010-eur-germanywestcentral;migrationStage=NotStarted}
