2026-08-15 15:53:09.096: [INFO] CurrentProfilePath: C:\gitnote\河南专升本历年真题_公共英语与管理学_2020-2026\_sources\edge-profile\Default
2026-08-15 15:53:09.096: [INFO] Profiles total count: 1
2026-08-15 15:53:09.096: [INFO] Profile: name=用户配置 1 path=C:\gitnote\河南专升本历年真题_公共英语与管理学_2020-2026\_sources\edge-profile\Default lastActive=2026-08-15T15:53:09.088Z
2026-08-15 15:53:09.096: [INFO] LastUsedProfileDir: C:\gitnote\河南专升本历年真题_公共英语与管理学_2020-2026\_sources\edge-profile\Default
2026-08-15 15:53:09.096: [INFO] MostRecentlyActiveProfile: name=用户配置 1 path=C:\gitnote\河南专升本历年真题_公共英语与管理学_2020-2026\_sources\edge-profile\Default lastActive=2026-08-15T15:53:09.088Z
2026-08-15 15:53:09.096: [INFO] OnDoneLoading sync enabled: 0
2026-08-15 15:53:09.096: [INFO] BookmarkModelLoaded, ids_reassigned: 0
2026-08-15 15:53:09.096: [INFO] BookmarksLoadDropped droppedNodes=0
2026-08-15 15:53:09.096: [INFO] BookmarksSnapshot Startup total=3 bar=3 other=0 mobile=0 showBar=0 showBarNTP=1
2026-08-15 15:53:09.097: [INFO] RecordSyncInitDuration has_sync_been_enabled: 0 state: 0
2026-08-15 15:53:09.175: [INFO] VisibilityChanged: 0
2026-08-15 15:53:09.384: [INFO] RecordSyncInitDuration has_sync_been_enabled: 0 state: 0
2026-08-15 15:53:09.388: [INFO] RecordSyncInitDuration has_sync_been_enabled: 0 state: 3
2026-08-15 15:53:09.389: [INFO] Primary account changed.
2026-08-15 15:53:09.389: [INFO] OnPrimaryAccountChanged PrimaryAccountChangeEvent::Type::kSet
2026-08-15 15:53:09.393: [INFO] RecordSyncInitDuration has_sync_been_enabled: 0 state: 3
2026-08-15 15:53:09.424: [INFO] RecordSyncInitDuration has_sync_been_enabled: 0 state: 3
2026-08-15 15:53:49.300: [INFO] CurrentProfilePath: C:\gitnote\河南专升本历年真题_公共英语与管理学_2020-2026\_sources\edge-profile\Default
2026-08-15 15:53:49.300: [INFO] Profiles total count: 1
2026-08-15 15:53:49.300: [INFO] Profile: name=个人 path=C:\gitnote\河南专升本历年真题_公共英语与管理学_2020-2026\_sources\edge-profile\Default lastActive=2026-08-15T15:53:49.293Z
2026-08-15 15:53:49.300: [INFO] LastUsedProfileDir: C:\gitnote\河南专升本历年真题_公共英语与管理学_2020-2026\_sources\edge-profile\Default
2026-08-15 15:53:49.300: [INFO] MostRecentlyActiveProfile: name=个人 path=C:\gitnote\河南专升本历年真题_公共英语与管理学_2020-2026\_sources\edge-profile\Default lastActive=2026-08-15T15:53:49.293Z
2026-08-15 15:53:49.300: [INFO] OnDoneLoading sync enabled: 1
2026-08-15 15:53:49.300: [INFO] BookmarkModelLoaded, ids_reassigned: 0
2026-08-15 15:53:49.300: [INFO] BookmarksLoadDropped droppedNodes=0
2026-08-15 15:53:49.300: [INFO] BookmarksSnapshot Startup total=3 bar=3 other=0 mobile=0 showBar=0 showBarNTP=1
2026-08-15 15:53:49.401: [INFO] VisibilityChanged: 0
2026-08-15 15:55:28.374: [INFO] CurrentProfilePath: C:\gitnote\河南专升本历年真题_公共英语与管理学_2020-2026\_sources\edge-profile\Default
2026-08-15 15:55:28.374: [INFO] Profiles total count: 1
2026-08-15 15:55:28.375: [INFO] Profile: name=个人 path=C:\gitnote\河南专升本历年真题_公共英语与管理学_2020-2026\_sources\edge-profile\Default lastActive=2026-08-15T15:55:28.366Z
2026-08-15 15:55:28.375: [INFO] LastUsedProfileDir: C:\gitnote\河南专升本历年真题_公共英语与管理学_2020-2026\_sources\edge-profile\Default
2026-08-15 15:55:28.375: [INFO] MostRecentlyActiveProfile: name=个人 path=C:\gitnote\河南专升本历年真题_公共英语与管理学_2020-2026\_sources\edge-profile\Default lastActive=2026-08-15T15:55:28.366Z
2026-08-15 15:55:28.375: [INFO] OnDoneLoading sync enabled: 1
2026-08-15 15:55:28.375: [INFO] BookmarkModelLoaded, ids_reassigned: 0
2026-08-15 15:55:28.375: [INFO] BookmarksLoadDropped droppedNodes=0
2026-08-15 15:55:28.375: [INFO] BookmarksSnapshot Startup total=14 bar=14 other=0 mobile=0 showBar=0 showBarNTP=1
2026-08-15 15:55:28.451: [INFO] VisibilityChanged: 0
2026-08-15 15:55:28.579: [INFO] Sync initialization duration: 34ms
2026-08-15 15:55:31.706: [INFO] BookmarksSnapshot Shutdown total=14 bar=14 other=0 mobile=0 showBar=0 showBarNTP=1
2026-08-15 15:57:49.871: [INFO] CurrentProfilePath: C:\gitnote\河南专升本历年真题_公共英语与管理学_2020-2026\_sources\edge-profile\Default
2026-08-15 15:57:49.871: [INFO] Profiles total count: 1
2026-08-15 15:57:49.872: [INFO] Profile: name=个人 path=C:\gitnote\河南专升本历年真题_公共英语与管理学_2020-2026\_sources\edge-profile\Default lastActive=2026-08-15T15:57:49.863Z
2026-08-15 15:57:49.872: [INFO] LastUsedProfileDir: C:\gitnote\河南专升本历年真题_公共英语与管理学_2020-2026\_sources\edge-profile\Default
2026-08-15 15:57:49.872: [INFO] MostRecentlyActiveProfile: name=个人 path=C:\gitnote\河南专升本历年真题_公共英语与管理学_2020-2026\_sources\edge-profile\Default lastActive=2026-08-15T15:57:49.863Z
2026-08-15 15:57:49.872: [INFO] OnDoneLoading sync enabled: 1
2026-08-15 15:57:49.872: [INFO] BookmarkModelLoaded, ids_reassigned: 0
2026-08-15 15:57:49.872: [INFO] BookmarksLoadDropped droppedNodes=0
2026-08-15 15:57:49.872: [INFO] BookmarksSnapshot Startup total=14 bar=14 other=0 mobile=0 showBar=0 showBarNTP=1
2026-08-15 15:57:49.981: [INFO] VisibilityChanged: 0
2026-08-15 15:57:50.094: [INFO] Sync initialization duration: 30ms
2026-08-15 15:57:53.402: [INFO] BookmarksSnapshot Shutdown total=14 bar=14 other=0 mobile=0 showBar=0 showBarNTP=1
2026-08-15 15:57:55.564: [INFO] CurrentProfilePath: C:\gitnote\河南专升本历年真题_公共英语与管理学_2020-2026\_sources\edge-profile\Default
2026-08-15 15:57:55.564: [INFO] Profiles total count: 1
2026-08-15 15:57:55.564: [INFO] Profile: name=个人 path=C:\gitnote\河南专升本历年真题_公共英语与管理学_2020-2026\_sources\edge-profile\Default lastActive=2026-08-15T15:57:55.557Z
2026-08-15 15:57:55.564: [INFO] LastUsedProfileDir: C:\gitnote\河南专升本历年真题_公共英语与管理学_2020-2026\_sources\edge-profile\Default
2026-08-15 15:57:55.564: [INFO] MostRecentlyActiveProfile: name=个人 path=C:\gitnote\河南专升本历年真题_公共英语与管理学_2020-2026\_sources\edge-profile\Default lastActive=2026-08-15T15:57:55.557Z
2026-08-15 15:57:55.564: [INFO] OnDoneLoading sync enabled: 1
2026-08-15 15:57:55.564: [INFO] BookmarkModelLoaded, ids_reassigned: 0
2026-08-15 15:57:55.564: [INFO] BookmarksLoadDropped droppedNodes=0
2026-08-15 15:57:55.564: [INFO] BookmarksSnapshot Startup total=14 bar=14 other=0 mobile=0 showBar=0 showBarNTP=1
2026-08-15 15:57:55.670: [INFO] VisibilityChanged: 0
2026-08-15 15:57:55.780: [INFO] Sync initialization duration: 32ms
2026-08-15 15:57:59.581: [INFO] BookmarksSnapshot Shutdown total=14 bar=14 other=0 mobile=0 showBar=0 showBarNTP=1
2026-08-15 15:58:04.006: [INFO] CurrentProfilePath: C:\gitnote\河南专升本历年真题_公共英语与管理学_2020-2026\_sources\edge-profile\Default
2026-08-15 15:58:04.006: [INFO] Profiles total count: 1
2026-08-15 15:58:04.006: [INFO] Profile: name=个人 path=C:\gitnote\河南专升本历年真题_公共英语与管理学_2020-2026\_sources\edge-profile\Default lastActive=2026-08-15T15:58:03.998Z
2026-08-15 15:58:04.006: [INFO] LastUsedProfileDir: C:\gitnote\河南专升本历年真题_公共英语与管理学_2020-2026\_sources\edge-profile\Default
2026-08-15 15:58:04.006: [INFO] MostRecentlyActiveProfile: name=个人 path=C:\gitnote\河南专升本历年真题_公共英语与管理学_2020-2026\_sources\edge-profile\Default lastActive=2026-08-15T15:58:03.998Z
2026-08-15 15:58:04.006: [INFO] OnDoneLoading sync enabled: 1
2026-08-15 15:58:04.006: [INFO] BookmarkModelLoaded, ids_reassigned: 0
2026-08-15 15:58:04.006: [INFO] BookmarksLoadDropped droppedNodes=0
2026-08-15 15:58:04.006: [INFO] BookmarksSnapshot Startup total=14 bar=14 other=0 mobile=0 showBar=0 showBarNTP=1
2026-08-15 15:58:04.104: [INFO] VisibilityChanged: 0
2026-08-15 15:58:04.221: [INFO] Sync initialization duration: 33ms
2026-08-15 15:58:08.091: [INFO] BookmarksSnapshot Shutdown total=14 bar=14 other=0 mobile=0 showBar=0 showBarNTP=1
2026-08-15 15:58:10.386: [INFO] CurrentProfilePath: C:\gitnote\河南专升本历年真题_公共英语与管理学_2020-2026\_sources\edge-profile\Default
2026-08-15 15:58:10.386: [INFO] Profiles total count: 1
2026-08-15 15:58:10.387: [INFO] Profile: name=个人 path=C:\gitnote\河南专升本历年真题_公共英语与管理学_2020-2026\_sources\edge-profile\Default lastActive=2026-08-15T15:58:10.378Z
2026-08-15 15:58:10.387: [INFO] LastUsedProfileDir: C:\gitnote\河南专升本历年真题_公共英语与管理学_2020-2026\_sources\edge-profile\Default
2026-08-15 15:58:10.387: [INFO] MostRecentlyActiveProfile: name=个人 path=C:\gitnote\河南专升本历年真题_公共英语与管理学_2020-2026\_sources\edge-profile\Default lastActive=2026-08-15T15:58:10.378Z
2026-08-15 15:58:10.387: [INFO] OnDoneLoading sync enabled: 1
2026-08-15 15:58:10.387: [INFO] BookmarkModelLoaded, ids_reassigned: 0
2026-08-15 15:58:10.387: [INFO] BookmarksLoadDropped droppedNodes=0
2026-08-15 15:58:10.387: [INFO] BookmarksSnapshot Startup total=14 bar=14 other=0 mobile=0 showBar=0 showBarNTP=1
2026-08-15 15:58:10.486: [INFO] VisibilityChanged: 0
2026-08-15 15:58:10.592: [INFO] Sync initialization duration: 24ms
2026-08-15 15:58:14.292: [INFO] BookmarksSnapshot Shutdown total=14 bar=14 other=0 mobile=0 showBar=0 showBarNTP=1
2026-08-15 15:58:20.266: [INFO] CurrentProfilePath: C:\gitnote\河南专升本历年真题_公共英语与管理学_2020-2026\_sources\edge-profile\Default
2026-08-15 15:58:20.266: [INFO] Profiles total count: 1
2026-08-15 15:58:20.266: [INFO] Profile: name=个人 path=C:\gitnote\河南专升本历年真题_公共英语与管理学_2020-2026\_sources\edge-profile\Default lastActive=2026-08-15T15:58:20.258Z
2026-08-15 15:58:20.266: [INFO] LastUsedProfileDir: C:\gitnote\河南专升本历年真题_公共英语与管理学_2020-2026\_sources\edge-profile\Default
2026-08-15 15:58:20.266: [INFO] MostRecentlyActiveProfile: name=个人 path=C:\gitnote\河南专升本历年真题_公共英语与管理学_2020-2026\_sources\edge-profile\Default lastActive=2026-08-15T15:58:20.258Z
2026-08-15 15:58:20.266: [INFO] OnDoneLoading sync enabled: 1
2026-08-15 15:58:20.266: [INFO] BookmarkModelLoaded, ids_reassigned: 0
2026-08-15 15:58:20.266: [INFO] BookmarksLoadDropped droppedNodes=0
2026-08-15 15:58:20.266: [INFO] BookmarksSnapshot Startup total=14 bar=14 other=0 mobile=0 showBar=0 showBarNTP=1
2026-08-15 15:58:20.370: [INFO] VisibilityChanged: 0
2026-08-15 15:58:20.482: [INFO] Sync initialization duration: 18ms
2026-08-15 15:58:23.777: [INFO] BookmarksSnapshot Shutdown total=14 bar=14 other=0 mobile=0 showBar=0 showBarNTP=1
2026-08-15 15:58:25.608: [INFO] CurrentProfilePath: C:\gitnote\河南专升本历年真题_公共英语与管理学_2020-2026\_sources\edge-profile\Default
2026-08-15 15:58:25.608: [INFO] Profiles total count: 1
2026-08-15 15:58:25.608: [INFO] Profile: name=个人 path=C:\gitnote\河南专升本历年真题_公共英语与管理学_2020-2026\_sources\edge-profile\Default lastActive=2026-08-15T15:58:25.599Z
2026-08-15 15:58:25.608: [INFO] LastUsedProfileDir: C:\gitnote\河南专升本历年真题_公共英语与管理学_2020-2026\_sources\edge-profile\Default
2026-08-15 15:58:25.608: [INFO] MostRecentlyActiveProfile: name=个人 path=C:\gitnote\河南专升本历年真题_公共英语与管理学_2020-2026\_sources\edge-profile\Default lastActive=2026-08-15T15:58:25.599Z
2026-08-15 15:58:25.608: [INFO] OnDoneLoading sync enabled: 1
2026-08-15 15:58:25.608: [INFO] BookmarkModelLoaded, ids_reassigned: 0
2026-08-15 15:58:25.608: [INFO] BookmarksLoadDropped droppedNodes=0
2026-08-15 15:58:25.608: [INFO] BookmarksSnapshot Startup total=14 bar=14 other=0 mobile=0 showBar=0 showBarNTP=1
2026-08-15 15:58:25.715: [INFO] VisibilityChanged: 0
2026-08-15 15:58:25.825: [INFO] Sync initialization duration: 33ms
2026-08-15 15:58:29.723: [INFO] BookmarksSnapshot Shutdown total=14 bar=14 other=0 mobile=0 showBar=0 showBarNTP=1
2026-08-15 16:02:29.730: [INFO] CurrentProfilePath: C:\gitnote\河南专升本历年真题_公共英语与管理学_2020-2026\_sources\edge-profile\Default
2026-08-15 16:02:29.730: [INFO] Profiles total count: 1
2026-08-15 16:02:29.730: [INFO] Profile: name=个人 path=C:\gitnote\河南专升本历年真题_公共英语与管理学_2020-2026\_sources\edge-profile\Default lastActive=2026-08-15T16:02:29.722Z
2026-08-15 16:02:29.730: [INFO] LastUsedProfileDir: C:\gitnote\河南专升本历年真题_公共英语与管理学_2020-2026\_sources\edge-profile\Default
2026-08-15 16:02:29.730: [INFO] MostRecentlyActiveProfile: name=个人 path=C:\gitnote\河南专升本历年真题_公共英语与管理学_2020-2026\_sources\edge-profile\Default lastActive=2026-08-15T16:02:29.722Z
2026-08-15 16:02:29.730: [INFO] OnDoneLoading sync enabled: 1
2026-08-15 16:02:29.730: [INFO] BookmarkModelLoaded, ids_reassigned: 0
2026-08-15 16:02:29.730: [INFO] BookmarksLoadDropped droppedNodes=0
2026-08-15 16:02:29.730: [INFO] BookmarksSnapshot Startup total=14 bar=14 other=0 mobile=0 showBar=0 showBarNTP=1
2026-08-15 16:02:29.840: [INFO] VisibilityChanged: 0
2026-08-15 16:02:29.973: [INFO] Sync initialization duration: 36ms
2026-08-15 16:02:33.228: [INFO] BookmarksSnapshot Shutdown total=14 bar=14 other=0 mobile=0 showBar=0 showBarNTP=1
2026-08-15 16:03:47.505: [INFO] CurrentProfilePath: C:\gitnote\河南专升本历年真题_公共英语与管理学_2020-2026\_sources\edge-profile\Default
2026-08-15 16:03:47.505: [INFO] Profiles total count: 1
2026-08-15 16:03:47.505: [INFO] Profile: name=个人 path=C:\gitnote\河南专升本历年真题_公共英语与管理学_2020-2026\_sources\edge-profile\Default lastActive=2026-08-15T16:03:47.495Z
2026-08-15 16:03:47.505: [INFO] LastUsedProfileDir: C:\gitnote\河南专升本历年真题_公共英语与管理学_2020-2026\_sources\edge-profile\Default
2026-08-15 16:03:47.505: [INFO] MostRecentlyActiveProfile: name=个人 path=C:\gitnote\河南专升本历年真题_公共英语与管理学_2020-2026\_sources\edge-profile\Default lastActive=2026-08-15T16:03:47.495Z
2026-08-15 16:03:47.505: [INFO] OnDoneLoading sync enabled: 1
2026-08-15 16:03:47.505: [INFO] BookmarkModelLoaded, ids_reassigned: 0
2026-08-15 16:03:47.505: [INFO] BookmarksLoadDropped droppedNodes=0
2026-08-15 16:03:47.505: [INFO] BookmarksSnapshot Startup total=14 bar=14 other=0 mobile=0 showBar=0 showBarNTP=1
2026-08-15 16:03:47.609: [INFO] VisibilityChanged: 0
2026-08-15 16:03:47.713: [INFO] Sync initialization duration: 22ms
2026-08-15 16:03:51.814: [INFO] BookmarksSnapshot Shutdown total=14 bar=14 other=0 mobile=0 showBar=0 showBarNTP=1
2026-08-15 16:04:03.290: [INFO] CurrentProfilePath: C:\gitnote\河南专升本历年真题_公共英语与管理学_2020-2026\_sources\edge-profile\Default
2026-08-15 16:04:03.290: [INFO] Profiles total count: 1
2026-08-15 16:04:03.290: [INFO] Profile: name=个人 path=C:\gitnote\河南专升本历年真题_公共英语与管理学_2020-2026\_sources\edge-profile\Default lastActive=2026-08-15T16:04:03.281Z
2026-08-15 16:04:03.290: [INFO] LastUsedProfileDir: C:\gitnote\河南专升本历年真题_公共英语与管理学_2020-2026\_sources\edge-profile\Default
2026-08-15 16:04:03.290: [INFO] MostRecentlyActiveProfile: name=个人 path=C:\gitnote\河南专升本历年真题_公共英语与管理学_2020-2026\_sources\edge-profile\Default lastActive=2026-08-15T16:04:03.281Z
2026-08-15 16:04:03.290: [INFO] OnDoneLoading sync enabled: 1
2026-08-15 16:04:03.290: [INFO] BookmarkModelLoaded, ids_reassigned: 0
2026-08-15 16:04:03.290: [INFO] BookmarksLoadDropped droppedNodes=0
2026-08-15 16:04:03.290: [INFO] BookmarksSnapshot Startup total=14 bar=14 other=0 mobile=0 showBar=0 showBarNTP=1
2026-08-15 16:04:03.410: [INFO] VisibilityChanged: 0
2026-08-15 16:04:03.537: [INFO] Sync initialization duration: 38ms
2026-08-15 16:04:07.008: [INFO] BookmarksSnapshot Shutdown total=14 bar=14 other=0 mobile=0 showBar=0 showBarNTP=1
2026-08-15 16:04:10.747: [INFO] CurrentProfilePath: C:\gitnote\河南专升本历年真题_公共英语与管理学_2020-2026\_sources\edge-profile\Default
2026-08-15 16:04:10.747: [INFO] Profiles total count: 1
2026-08-15 16:04:10.747: [INFO] Profile: name=个人 path=C:\gitnote\河南专升本历年真题_公共英语与管理学_2020-2026\_sources\edge-profile\Default lastActive=2026-08-15T16:04:10.737Z
2026-08-15 16:04:10.747: [INFO] LastUsedProfileDir: C:\gitnote\河南专升本历年真题_公共英语与管理学_2020-2026\_sources\edge-profile\Default
2026-08-15 16:04:10.747: [INFO] MostRecentlyActiveProfile: name=个人 path=C:\gitnote\河南专升本历年真题_公共英语与管理学_2020-2026\_sources\edge-profile\Default lastActive=2026-08-15T16:04:10.737Z
2026-08-15 16:04:10.747: [INFO] OnDoneLoading sync enabled: 1
2026-08-15 16:04:10.747: [INFO] BookmarkModelLoaded, ids_reassigned: 0
2026-08-15 16:04:10.747: [INFO] BookmarksLoadDropped droppedNodes=0
2026-08-15 16:04:10.747: [INFO] BookmarksSnapshot Startup total=14 bar=14 other=0 mobile=0 showBar=0 showBarNTP=1
2026-08-15 16:04:10.833: [INFO] VisibilityChanged: 0
2026-08-15 16:04:10.972: [INFO] Sync initialization duration: 33ms
2026-08-15 16:04:14.369: [INFO] BookmarksSnapshot Shutdown total=14 bar=14 other=0 mobile=0 showBar=0 showBarNTP=1
2026-08-15 16:04:16.521: [INFO] CurrentProfilePath: C:\gitnote\河南专升本历年真题_公共英语与管理学_2020-2026\_sources\edge-profile\Default
2026-08-15 16:04:16.521: [INFO] Profiles total count: 1
2026-08-15 16:04:16.521: [INFO] Profile: name=个人 path=C:\gitnote\河南专升本历年真题_公共英语与管理学_2020-2026\_sources\edge-profile\Default lastActive=2026-08-15T16:04:16.511Z
2026-08-15 16:04:16.521: [INFO] LastUsedProfileDir: C:\gitnote\河南专升本历年真题_公共英语与管理学_2020-2026\_sources\edge-profile\Default
2026-08-15 16:04:16.521: [INFO] MostRecentlyActiveProfile: name=个人 path=C:\gitnote\河南专升本历年真题_公共英语与管理学_2020-2026\_sources\edge-profile\Default lastActive=2026-08-15T16:04:16.511Z
2026-08-15 16:04:16.521: [INFO] OnDoneLoading sync enabled: 1
2026-08-15 16:04:16.521: [INFO] BookmarkModelLoaded, ids_reassigned: 0
2026-08-15 16:04:16.521: [INFO] BookmarksLoadDropped droppedNodes=0
2026-08-15 16:04:16.521: [INFO] BookmarksSnapshot Startup total=14 bar=14 other=0 mobile=0 showBar=0 showBarNTP=1
2026-08-15 16:04:16.624: [INFO] VisibilityChanged: 0
2026-08-15 16:04:16.735: [INFO] Sync initialization duration: 18ms
2026-08-15 16:04:20.580: [INFO] BookmarksSnapshot Shutdown total=14 bar=14 other=0 mobile=0 showBar=0 showBarNTP=1
